LTspice 26.0.1 for Windows
Circuit: C:\Users\Sai Krishna Bakki\OneDrive\Desktop\EDC_2\CC-Configutation\Draft3.net
Start Time: Mon Aug 10 23:59:59 2026
solver = Normal
Maximum thread count: 16
tnom = 27
temp = 27
method = trap
C:\Users\Sai Krishna Bakki\OneDrive\Desktop\EDC_2\CC-Configutation\Draft3.net(5): Missing value, assuming 0V @ DC.

VEC P001 0
^^^^^^^^^^
.step I1=2e-05 
.step I1=4e-05 
.step I1=6e-05 
.step I1=8e-05 
.step I1=0.0001 
Total elapsed time: 0.300 seconds.

Files loaded:
C:\Users\Sai Krishna Bakki\OneDrive\Desktop\EDC_2\CC-Configutation\Draft3.net
C:\Users\Sai Krishna Bakki\AppData\Local\LTspice\lib\cmp\standard.bjt

