This is pdfTeX, Version 3.141592653-2.6-1.40.25 (TeX Live 2023/Debian) (preloaded format=pdflatex 2025.8.1)  11 AUG 2026 00:21
entering extended mode
 restricted \write18 enabled.
 %&-line parsing enabled.
**main.tex
(./main.tex
LaTeX2e <2023-11-01> patch level 1
L3 programming layer <2024-01-22>
(/usr/share/texlive/texmf-dist/tex/latex/base/article.cls
Document Class: article 2023/05/17 v1.4n Standard LaTeX document class
(/usr/share/texlive/texmf-dist/tex/latex/base/size11.clo
File: size11.clo 2023/05/17 v1.4n Standard LaTeX file (size option)
)
\c@part=\count187
\c@section=\count188
\c@subsection=\count189
\c@subsubsection=\count190
\c@paragraph=\count191
\c@subparagraph=\count192
\c@figure=\count193
\c@table=\count194
\abovecaptionskip=\skip48
\belowcaptionskip=\skip49
\bibindent=\dimen140
)
(/usr/share/texlive/texmf-dist/tex/latex/base/inputenc.sty
Package: inputenc 2021/02/14 v1.3d Input encoding file
\inpenc@prehook=\toks17
\inpenc@posthook=\toks18
)
(/usr/share/texlive/texmf-dist/tex/latex/geometry/geometry.sty
Package: geometry 2020/01/02 v5.9 Page Geometry

(/usr/share/texlive/texmf-dist/tex/latex/graphics/keyval.sty
Package: keyval 2022/05/29 v1.15 key=value parser (DPC)
\KV@toks@=\toks19
)
(/usr/share/texlive/texmf-dist/tex/generic/iftex/ifvtex.sty
Package: ifvtex 2019/10/25 v1.7 ifvtex legacy package. Use iftex instead.

(/usr/share/texlive/texmf-dist/tex/generic/iftex/iftex.sty
Package: iftex 2022/02/03 v1.0f TeX engine tests
))
\Gm@cnth=\count195
\Gm@cntv=\count196
\c@Gm@tempcnt=\count197
\Gm@bindingoffset=\dimen141
\Gm@wd@mp=\dimen142
\Gm@odd@mp=\dimen143
\Gm@even@mp=\dimen144
\Gm@layoutwidth=\dimen145
\Gm@layoutheight=\dimen146
\Gm@layouthoffset=\dimen147
\Gm@layoutvoffset=\dimen148
\Gm@dimlist=\toks20
)
(/usr/share/texlive/texmf-dist/tex/latex/graphics/graphicx.sty
Package: graphicx 2021/09/16 v1.2d Enhanced LaTeX Graphics (DPC,SPQR)

(/usr/share/texlive/texmf-dist/tex/latex/graphics/graphics.sty
Package: graphics 2022/03/10 v1.4e Standard LaTeX Graphics (DPC,SPQR)

(/usr/share/texlive/texmf-dist/tex/latex/graphics/trig.sty
Package: trig 2021/08/11 v1.11 sin cos tan (DPC)
)
(/usr/share/texlive/texmf-dist/tex/latex/graphics-cfg/graphics.cfg
File: graphics.cfg 2016/06/04 v1.11 sample graphics configuration
)
Package graphics Info: Driver file: pdftex.def on input line 107.

(/usr/share/texlive/texmf-dist/tex/latex/graphics-def/pdftex.def
File: pdftex.def 2022/09/22 v1.2b Graphics/color driver for pdftex
))
\Gin@req@height=\dimen149
\Gin@req@width=\dimen150
)
(/usr/share/texlive/texmf-dist/tex/latex/amsmath/amsmath.sty
Package: amsmath 2023/05/13 v2.17o AMS math features
\@mathmargin=\skip50

For additional information on amsmath, use the `?' option.
(/usr/share/texlive/texmf-dist/tex/latex/amsmath/amstext.sty
Package: amstext 2021/08/26 v2.01 AMS text

(/usr/share/texlive/texmf-dist/tex/latex/amsmath/amsgen.sty
File: amsgen.sty 1999/11/30 v2.0 generic functions
\@emptytoks=\toks21
\ex@=\dimen151
))
(/usr/share/texlive/texmf-dist/tex/latex/amsmath/amsbsy.sty
Package: amsbsy 1999/11/29 v1.2d Bold Symbols
\pmbraise@=\dimen152
)
(/usr/share/texlive/texmf-dist/tex/latex/amsmath/amsopn.sty
Package: amsopn 2022/04/08 v2.04 operator names
)
\inf@bad=\count198
LaTeX Info: Redefining \frac on input line 234.
\uproot@=\count199
\leftroot@=\count266
LaTeX Info: Redefining \overline on input line 399.
LaTeX Info: Redefining \colon on input line 410.
\classnum@=\count267
\DOTSCASE@=\count268
LaTeX Info: Redefining \ldots on input line 496.
LaTeX Info: Redefining \dots on input line 499.
LaTeX Info: Redefining \cdots on input line 620.
\Mathstrutbox@=\box51
\strutbox@=\box52
LaTeX Info: Redefining \big on input line 722.
LaTeX Info: Redefining \Big on input line 723.
LaTeX Info: Redefining \bigg on input line 724.
LaTeX Info: Redefining \Bigg on input line 725.
\big@size=\dimen153
LaTeX Font Info:    Redeclaring font encoding OML on input line 743.
LaTeX Font Info:    Redeclaring font encoding OMS on input line 744.
\macc@depth=\count269
LaTeX Info: Redefining \bmod on input line 905.
LaTeX Info: Redefining \pmod on input line 910.
LaTeX Info: Redefining \smash on input line 940.
LaTeX Info: Redefining \relbar on input line 970.
LaTeX Info: Redefining \Relbar on input line 971.
\c@MaxMatrixCols=\count270
\dotsspace@=\muskip16
\c@parentequation=\count271
\dspbrk@lvl=\count272
\tag@help=\toks22
\row@=\count273
\column@=\count274
\maxfields@=\count275
\andhelp@=\toks23
\eqnshift@=\dimen154
\alignsep@=\dimen155
\tagshift@=\dimen156
\tagwidth@=\dimen157
\totwidth@=\dimen158
\lineht@=\dimen159
\@envbody=\toks24
\multlinegap=\skip51
\multlinetaggap=\skip52
\mathdisplay@stack=\toks25
LaTeX Info: Redefining \[ on input line 2953.
LaTeX Info: Redefining \] on input line 2954.
)
(/usr/share/texlive/texmf-dist/tex/latex/amsfonts/amssymb.sty
Package: amssymb 2013/01/14 v3.01 AMS font symbols

(/usr/share/texlive/texmf-dist/tex/latex/amsfonts/amsfonts.sty
Package: amsfonts 2013/01/14 v3.01 Basic AMSFonts support
\symAMSa=\mathgroup4
\symAMSb=\mathgroup5
LaTeX Font Info:    Redeclaring math symbol \hbar on input line 98.
LaTeX Font Info:    Overwriting math alphabet `\mathfrak' in version `bold'
(Font)                  U/euf/m/n --> U/euf/b/n on input line 106.
))
(/usr/share/texlive/texmf-dist/tex/latex/booktabs/booktabs.sty
Package: booktabs 2020/01/12 v1.61803398 Publication quality tables
\heavyrulewidth=\dimen160
\lightrulewidth=\dimen161
\cmidrulewidth=\dimen162
\belowrulesep=\dimen163
\belowbottomsep=\dimen164
\aboverulesep=\dimen165
\abovetopsep=\dimen166
\cmidrulesep=\dimen167
\cmidrulekern=\dimen168
\defaultaddspace=\dimen169
\@cmidla=\count276
\@cmidlb=\count277
\@aboverulesep=\dimen170
\@belowrulesep=\dimen171
\@thisruleclass=\count278
\@lastruleclass=\count279
\@thisrulewidth=\dimen172
)
(/usr/share/texlive/texmf-dist/tex/latex/tools/longtable.sty
Package: longtable 2023-11-01 v4.19 Multi-page Table package (DPC)
\LTleft=\skip53
\LTright=\skip54
\LTpre=\skip55
\LTpost=\skip56
\LTchunksize=\count280
\LTcapwidth=\dimen173
\LT@head=\box53
\LT@firsthead=\box54
\LT@foot=\box55
\LT@lastfoot=\box56
\LT@gbox=\box57
\LT@cols=\count281
\LT@rows=\count282
\c@LT@tables=\count283
\c@LT@chunks=\count284
\LT@p@ftn=\toks26
)
(/usr/share/texlive/texmf-dist/tex/latex/tools/array.sty
Package: array 2023/10/16 v2.5g Tabular extension package (FMi)
\col@sep=\dimen174
\ar@mcellbox=\box58
\extrarowheight=\dimen175
\NC@list=\toks27
\extratabsurround=\skip57
\backup@length=\skip58
\ar@cellbox=\box59
)
(/usr/share/texlive/texmf-dist/tex/latex/hyperref/hyperref.sty
Package: hyperref 2024-01-20 v7.01h Hypertext links for LaTeX

(/usr/share/texlive/texmf-dist/tex/latex/kvsetkeys/kvsetkeys.sty
Package: kvsetkeys 2022-10-05 v1.19 Key value parser (HO)
)
(/usr/share/texlive/texmf-dist/tex/generic/kvdefinekeys/kvdefinekeys.sty
Package: kvdefinekeys 2019-12-19 v1.6 Define keys (HO)
)
(/usr/share/texlive/texmf-dist/tex/generic/pdfescape/pdfescape.sty
Package: pdfescape 2019/12/09 v1.15 Implements pdfTeX's escape features (HO)

(/usr/share/texlive/texmf-dist/tex/generic/ltxcmds/ltxcmds.sty
Package: ltxcmds 2023-12-04 v1.26 LaTeX kernel commands for general use (HO)
)
(/usr/share/texlive/texmf-dist/tex/generic/pdftexcmds/pdftexcmds.sty
Package: pdftexcmds 2020-06-27 v0.33 Utility functions of pdfTeX for LuaTeX (HO
)

(/usr/share/texlive/texmf-dist/tex/generic/infwarerr/infwarerr.sty
Package: infwarerr 2019/12/03 v1.5 Providing info/warning/error messages (HO)
)
Package pdftexcmds Info: \pdf@primitive is available.
Package pdftexcmds Info: \pdf@ifprimitive is available.
Package pdftexcmds Info: \pdfdraftmode found.
))
(/usr/share/texlive/texmf-dist/tex/latex/hycolor/hycolor.sty
Package: hycolor 2020-01-27 v1.10 Color options for hyperref/bookmark (HO)
)
(/usr/share/texlive/texmf-dist/tex/latex/auxhook/auxhook.sty
Package: auxhook 2019-12-17 v1.6 Hooks for auxiliary files (HO)
)
(/usr/share/texlive/texmf-dist/tex/latex/hyperref/nameref.sty
Package: nameref 2023-11-26 v2.56 Cross-referencing by name of section

(/usr/share/texlive/texmf-dist/tex/latex/refcount/refcount.sty
Package: refcount 2019/12/15 v3.6 Data extraction from label references (HO)
)
(/usr/share/texlive/texmf-dist/tex/generic/gettitlestring/gettitlestring.sty
Package: gettitlestring 2019/12/15 v1.6 Cleanup title references (HO)

(/usr/share/texlive/texmf-dist/tex/latex/kvoptions/kvoptions.sty
Package: kvoptions 2022-06-15 v3.15 Key value format for package options (HO)
))
\c@section@level=\count285
)
(/usr/share/texlive/texmf-dist/tex/latex/etoolbox/etoolbox.sty
Package: etoolbox 2020/10/05 v2.5k e-TeX tools for LaTeX (JAW)
\etb@tempcnta=\count286
)
\@linkdim=\dimen176
\Hy@linkcounter=\count287
\Hy@pagecounter=\count288

(/usr/share/texlive/texmf-dist/tex/latex/hyperref/pd1enc.def
File: pd1enc.def 2024-01-20 v7.01h Hyperref: PDFDocEncoding definition (HO)
Now handling font encoding PD1 ...
... no UTF-8 mapping file for font encoding PD1
)
(/usr/share/texlive/texmf-dist/tex/generic/intcalc/intcalc.sty
Package: intcalc 2019/12/15 v1.3 Expandable calculations with integers (HO)
)
\Hy@SavedSpaceFactor=\count289

(/usr/share/texlive/texmf-dist/tex/latex/hyperref/puenc.def
File: puenc.def 2024-01-20 v7.01h Hyperref: PDF Unicode definition (HO)
Now handling font encoding PU ...
... no UTF-8 mapping file for font encoding PU
)
Package hyperref Info: Hyper figures OFF on input line 4179.
Package hyperref Info: Link nesting OFF on input line 4184.
Package hyperref Info: Hyper index ON on input line 4187.
Package hyperref Info: Plain pages OFF on input line 4194.
Package hyperref Info: Backreferencing OFF on input line 4199.
Package hyperref Info: Implicit mode ON; LaTeX internals redefined.
Package hyperref Info: Bookmarks ON on input line 4446.
\c@Hy@tempcnt=\count290

(/usr/share/texlive/texmf-dist/tex/latex/url/url.sty
\Urlmuskip=\muskip17
Package: url 2013/09/16  ver 3.4  Verb mode for urls, etc.
)
LaTeX Info: Redefining \url on input line 4784.
\XeTeXLinkMargin=\dimen177

(/usr/share/texlive/texmf-dist/tex/generic/bitset/bitset.sty
Package: bitset 2019/12/09 v1.3 Handle bit-vector datatype (HO)

(/usr/share/texlive/texmf-dist/tex/generic/bigintcalc/bigintcalc.sty
Package: bigintcalc 2019/12/15 v1.5 Expandable calculations on big integers (HO
)
))
\Fld@menulength=\count291
\Field@Width=\dimen178
\Fld@charsize=\dimen179
Package hyperref Info: Hyper figures OFF on input line 6063.
Package hyperref Info: Link nesting OFF on input line 6068.
Package hyperref Info: Hyper index ON on input line 6071.
Package hyperref Info: backreferencing OFF on input line 6078.
Package hyperref Info: Link coloring OFF on input line 6083.
Package hyperref Info: Link coloring with OCG OFF on input line 6088.
Package hyperref Info: PDF/A mode OFF on input line 6093.

(/usr/share/texlive/texmf-dist/tex/latex/base/atbegshi-ltx.sty
Package: atbegshi-ltx 2021/01/10 v1.0c Emulation of the original atbegshi
package with kernel methods
)
\Hy@abspage=\count292
\c@Item=\count293
\c@Hfootnote=\count294
)
Package hyperref Info: Driver (autodetected): hpdftex.

(/usr/share/texlive/texmf-dist/tex/latex/hyperref/hpdftex.def
File: hpdftex.def 2024-01-20 v7.01h Hyperref driver for pdfTeX

(/usr/share/texlive/texmf-dist/tex/latex/base/atveryend-ltx.sty
Package: atveryend-ltx 2020/08/19 v1.0a Emulation of the original atveryend pac
kage
with kernel methods
)
\Fld@listcount=\count295
\c@bookmark@seq@number=\count296

(/usr/share/texlive/texmf-dist/tex/latex/rerunfilecheck/rerunfilecheck.sty
Package: rerunfilecheck 2022-07-10 v1.10 Rerun checks for auxiliary files (HO)

(/usr/share/texlive/texmf-dist/tex/generic/uniquecounter/uniquecounter.sty
Package: uniquecounter 2019/12/15 v1.4 Provide unlimited unique counter (HO)
)
Package uniquecounter Info: New unique counter `rerunfilecheck' on input line 2
85.
)
\Hy@SectionHShift=\skip59
)
(/usr/share/texlive/texmf-dist/tex/latex/float/float.sty
Package: float 2001/11/08 v1.3d Float enhancements (AL)
\c@float@type=\count297
\float@exts=\toks28
\float@box=\box60
\@float@everytoks=\toks29
\@floatcapt=\box61
)
(/usr/share/texlive/texmf-dist/tex/latex/caption/caption.sty
Package: caption 2023/08/05 v3.6o Customizing captions (AR)

(/usr/share/texlive/texmf-dist/tex/latex/caption/caption3.sty
Package: caption3 2023/07/31 v2.4d caption3 kernel (AR)
\caption@tempdima=\dimen180
\captionmargin=\dimen181
\caption@leftmargin=\dimen182
\caption@rightmargin=\dimen183
\caption@width=\dimen184
\caption@indent=\dimen185
\caption@parindent=\dimen186
\caption@hangindent=\dimen187
Package caption Info: Standard document class detected.
)
\c@caption@flags=\count298
\c@continuedfloat=\count299
Package caption Info: float package is loaded.
Package caption Info: hyperref package is loaded.
Package caption Info: longtable package is loaded.

(/usr/share/texlive/texmf-dist/tex/latex/caption/ltcaption.sty
Package: ltcaption 2021/01/08 v1.4c longtable captions (AR)
))
(/usr/share/texlive/texmf-dist/tex/latex/caption/subcaption.sty
Package: subcaption 2023/07/28 v1.6b Sub-captions (AR)
Package caption Info: New subtype `subfigure' on input line 238.
\c@subfigure=\count300
Package caption Info: New subtype `subtable' on input line 238.
\c@subtable=\count301
)
(/usr/share/texlive/texmf-dist/tex/latex/fancyhdr/fancyhdr.sty
Package: fancyhdr 2022/11/09 v4.1 Extensive control of page headers and footers

\f@nch@headwidth=\skip60
\f@nch@O@elh=\skip61
\f@nch@O@erh=\skip62
\f@nch@O@olh=\skip63
\f@nch@O@orh=\skip64
\f@nch@O@elf=\skip65
\f@nch@O@erf=\skip66
\f@nch@O@olf=\skip67
\f@nch@O@orf=\skip68
)
(/usr/share/texlive/texmf-dist/tex/latex/titlesec/titlesec.sty
Package: titlesec 2023/10/27 v2.16 Sectioning titles
\ttl@box=\box62
\beforetitleunit=\skip69
\aftertitleunit=\skip70
\ttl@plus=\dimen188
\ttl@minus=\dimen189
\ttl@toksa=\toks30
\titlewidth=\dimen190
\titlewidthlast=\dimen191
\titlewidthfirst=\dimen192
)
(/usr/share/texlive/texmf-dist/tex/latex/xcolor/xcolor.sty
Package: xcolor 2023/11/15 v3.01 LaTeX color extensions (UK)

(/usr/share/texlive/texmf-dist/tex/latex/graphics-cfg/color.cfg
File: color.cfg 2016/01/02 v1.6 sample color configuration
)
Package xcolor Info: Driver file: pdftex.def on input line 274.

(/usr/share/texlive/texmf-dist/tex/latex/graphics/mathcolor.ltx)
Package xcolor Info: Model `cmy' substituted by `cmy0' on input line 1350.
Package xcolor Info: Model `hsb' substituted by `rgb' on input line 1354.
Package xcolor Info: Model `RGB' extended on input line 1366.
Package xcolor Info: Model `HTML' substituted by `rgb' on input line 1368.
Package xcolor Info: Model `Hsb' substituted by `hsb' on input line 1369.
Package xcolor Info: Model `tHsb' substituted by `hsb' on input line 1370.
Package xcolor Info: Model `HSB' substituted by `hsb' on input line 1371.
Package xcolor Info: Model `Gray' substituted by `gray' on input line 1372.
Package xcolor Info: Model `wave' substituted by `hsb' on input line 1373.
)
Package hyperref Info: Option `colorlinks' set `true' on input line 27.

(/usr/share/texlive/texmf-dist/tex/latex/l3backend/l3backend-pdftex.def
File: l3backend-pdftex.def 2024-01-04 L3 backend support: PDF output (pdfTeX)
\l__color_backend_stack_int=\count302
\l__pdf_internal_box=\box63
)
(./main.aux)
\openout1 = `main.aux'.

LaTeX Font Info:    Checking defaults for OML/cmm/m/it on input line 40.
LaTeX Font Info:    ... okay on input line 40.
LaTeX Font Info:    Checking defaults for OMS/cmsy/m/n on input line 40.
LaTeX Font Info:    ... okay on input line 40.
LaTeX Font Info:    Checking defaults for OT1/cmr/m/n on input line 40.
LaTeX Font Info:    ... okay on input line 40.
LaTeX Font Info:    Checking defaults for T1/cmr/m/n on input line 40.
LaTeX Font Info:    ... okay on input line 40.
LaTeX Font Info:    Checking defaults for TS1/cmr/m/n on input line 40.
LaTeX Font Info:    ... okay on input line 40.
LaTeX Font Info:    Checking defaults for OMX/cmex/m/n on input line 40.
LaTeX Font Info:    ... okay on input line 40.
LaTeX Font Info:    Checking defaults for U/cmr/m/n on input line 40.
LaTeX Font Info:    ... okay on input line 40.
LaTeX Font Info:    Checking defaults for PD1/pdf/m/n on input line 40.
LaTeX Font Info:    ... okay on input line 40.
LaTeX Font Info:    Checking defaults for PU/pdf/m/n on input line 40.
LaTeX Font Info:    ... okay on input line 40.

*geometry* driver: auto-detecting
*geometry* detected driver: pdftex
*geometry* verbose mode - [ preamble ] result:
* driver: pdftex
* paper: a4paper
* layout: <same size as paper>
* layoutoffset:(h,v)=(0.0pt,0.0pt)
* modes: 
* h-part:(L,W,R)=(57.81621pt, 481.87546pt, 57.81621pt)
* v-part:(T,H,B)=(57.81621pt, 729.41443pt, 57.81621pt)
* \paperwidth=597.50787pt
* \paperheight=845.04684pt
* \textwidth=481.87546pt
* \textheight=729.41443pt
* \oddsidemargin=-14.45378pt
* \evensidemargin=-14.45378pt
* \topmargin=-51.45378pt
* \headheight=14.0pt
* \headsep=25.0pt
* \topskip=11.0pt
* \footskip=30.0pt
* \marginparwidth=50.0pt
* \marginparsep=10.0pt
* \columnsep=10.0pt
* \skip\footins=10.0pt plus 4.0pt minus 2.0pt
* \hoffset=0.0pt
* \voffset=0.0pt
* \mag=1000
* \@twocolumnfalse
* \@twosidefalse
* \@mparswitchfalse
* \@reversemarginfalse
* (1in=72.27pt=25.4mm, 1cm=28.453pt)

(/usr/share/texlive/texmf-dist/tex/context/base/mkii/supp-pdf.mkii
[Loading MPS to PDF converter (version 2006.09.02).]
\scratchcounter=\count303
\scratchdimen=\dimen193
\scratchbox=\box64
\nofMPsegments=\count304
\nofMParguments=\count305
\everyMPshowfont=\toks31
\MPscratchCnt=\count306
\MPscratchDim=\dimen194
\MPnumerator=\count307
\makeMPintoPDFobject=\count308
\everyMPtoPDFconversion=\toks32
) (/usr/share/texlive/texmf-dist/tex/latex/epstopdf-pkg/epstopdf-base.sty
Package: epstopdf-base 2020-01-24 v2.11 Base part for package epstopdf
Package epstopdf-base Info: Redefining graphics rule for `.eps' on input line 4
85.

(/usr/share/texlive/texmf-dist/tex/latex/latexconfig/epstopdf-sys.cfg
File: epstopdf-sys.cfg 2010/07/13 v1.3 Configuration of (r)epstopdf for TeX Liv
e
))
Package hyperref Info: Link coloring ON on input line 40.

(./main.out) (./main.out)
\@outlinefile=\write3
\openout3 = `main.out'.

Package caption Info: Begin \AtBeginDocument code.
Package caption Info: End \AtBeginDocument code.
LaTeX Font Info:    Trying to load font information for U+msa on input line 50.


(/usr/share/texlive/texmf-dist/tex/latex/amsfonts/umsa.fd
File: umsa.fd 2013/01/14 v3.01 AMS symbols A
)
LaTeX Font Info:    Trying to load font information for U+msb on input line 50.


(/usr/share/texlive/texmf-dist/tex/latex/amsfonts/umsb.fd
File: umsb.fd 2013/01/14 v3.01 AMS symbols B
) [1{/var/lib/texmf/fonts/map/pdftex/updmap/pdftex.map}

{/usr/share/texmf/fonts/enc/dvips/cm-super/cm-super-ts1.enc}] [2]
<../CE-Configuration/schematic.png, id=131, 526.96875pt x 514.92375pt>
File: ../CE-Configuration/schematic.png Graphic file (type png)
<use ../CE-Configuration/schematic.png>
Package pdftex.def Info: ../CE-Configuration/schematic.png  used on input line 
115.
(pdftex.def)             Requested size: 265.03296pt x 258.9855pt.
<../CE-Configuration/input/input_0-0.4V_VCE=1.png, id=133, 536.0025pt x 542.777
82pt>
File: ../CE-Configuration/input/input_0-0.4V_VCE=1.png Graphic file (type png)
<use ../CE-Configuration/input/input_0-0.4V_VCE=1.png>
Package pdftex.def Info: ../CE-Configuration/input/input_0-0.4V_VCE=1.png  used
 on input line 125.
(pdftex.def)             Requested size: 149.3802pt x 151.26448pt.
<../CE-Configuration/input/input_0-0.4_VCE=5.png, id=134, 1081.03876pt x 553.31
718pt>
File: ../CE-Configuration/input/input_0-0.4_VCE=5.png Graphic file (type png)
<use ../CE-Configuration/input/input_0-0.4_VCE=5.png>
Package pdftex.def Info: ../CE-Configuration/input/input_0-0.4_VCE=5.png  used 
on input line 131.
(pdftex.def)             Requested size: 149.3802pt x 76.45071pt.
<../CE-Configuration/input/input_0-0.4_VCE=10.png, id=135, 1078.78032pt x 545.7
8906pt>
File: ../CE-Configuration/input/input_0-0.4_VCE=10.png Graphic file (type png)
<use ../CE-Configuration/input/input_0-0.4_VCE=10.png>
Package pdftex.def Info: ../CE-Configuration/input/input_0-0.4_VCE=10.png  used
 on input line 137.
(pdftex.def)             Requested size: 149.3802pt x 75.5688pt.
<../CE-Configuration/input/input_0.4-0.7_VCE=1.png, id=136, 1084.05pt x 641.396
26pt>
File: ../CE-Configuration/input/input_0.4-0.7_VCE=1.png Graphic file (type png)

<use ../CE-Configuration/input/input_0.4-0.7_VCE=1.png>
Package pdftex.def Info: ../CE-Configuration/input/input_0.4-0.7_VCE=1.png  use
d on input line 144.
(pdftex.def)             Requested size: 149.3802pt x 88.37575pt.
<../CE-Configuration/input/input_0.4-0.7_VCE=5.png, id=137, 1081.03876pt x 540.
51938pt>
File: ../CE-Configuration/input/input_0.4-0.7_VCE=5.png Graphic file (type png)

<use ../CE-Configuration/input/input_0.4-0.7_VCE=5.png>
Package pdftex.def Info: ../CE-Configuration/input/input_0.4-0.7_VCE=5.png  use
d on input line 150.
(pdftex.def)             Requested size: 149.3802pt x 74.68246pt.
<../CE-Configuration/input/input_0.4-0.7_VCE=10.png, id=138, 1079.53313pt x 542
.77782pt>
File: ../CE-Configuration/input/input_0.4-0.7_VCE=10.png Graphic file (type png
)
<use ../CE-Configuration/input/input_0.4-0.7_VCE=10.png>
Package pdftex.def Info: ../CE-Configuration/input/input_0.4-0.7_VCE=10.png  us
ed on input line 156.
(pdftex.def)             Requested size: 149.3802pt x 75.10219pt.
 [3

 <../CE-Configuration/schematic.png>]
<../CE-Configuration/output/output_0-2_IB=20u.png, id=150, 1078.78032pt x 545.0
3625pt>
File: ../CE-Configuration/output/output_0-2_IB=20u.png Graphic file (type png)
<use ../CE-Configuration/output/output_0-2_IB=20u.png>
Package pdftex.def Info: ../CE-Configuration/output/output_0-2_IB=20u.png  used
 on input line 168.
(pdftex.def)             Requested size: 149.3802pt x 75.46457pt.
<../CE-Configuration/output/output_0-2_IB=60u.png, id=151, 1082.54437pt x 566.1
15pt>
File: ../CE-Configuration/output/output_0-2_IB=60u.png Graphic file (type png)
<use ../CE-Configuration/output/output_0-2_IB=60u.png>
Package pdftex.def Info: ../CE-Configuration/output/output_0-2_IB=60u.png  used
 on input line 174.
(pdftex.def)             Requested size: 149.3802pt x 78.11531pt.
<../CE-Configuration/output/output_0-2_IB=100u.png, id=152, 1084.05pt x 544.283
43pt>
File: ../CE-Configuration/output/output_0-2_IB=100u.png Graphic file (type png)

<use ../CE-Configuration/output/output_0-2_IB=100u.png>
Package pdftex.def Info: ../CE-Configuration/output/output_0-2_IB=100u.png  use
d on input line 180.
(pdftex.def)             Requested size: 149.3802pt x 74.99492pt.
<../CE-Configuration/output/output_2-20_IB=20u.png, id=153, 1084.05pt x 542.025
pt>
File: ../CE-Configuration/output/output_2-20_IB=20u.png Graphic file (type png)

<use ../CE-Configuration/output/output_2-20_IB=20u.png>
Package pdftex.def Info: ../CE-Configuration/output/output_2-20_IB=20u.png  use
d on input line 187.
(pdftex.def)             Requested size: 149.3802pt x 74.68373pt.
<../CE-Configuration/output/output_2-20_IB=60u.png, id=154, 1084.05pt x 542.777
82pt>
File: ../CE-Configuration/output/output_2-20_IB=60u.png Graphic file (type png)

<use ../CE-Configuration/output/output_2-20_IB=60u.png>
Package pdftex.def Info: ../CE-Configuration/output/output_2-20_IB=60u.png  use
d on input line 193.
(pdftex.def)             Requested size: 149.3802pt x 74.78746pt.
<../CE-Configuration/output/output_2-20_IB=100u.png, id=155, 1084.05pt x 541.27
219pt>
File: ../CE-Configuration/output/output_2-20_IB=100u.png Graphic file (type png
)
<use ../CE-Configuration/output/output_2-20_IB=100u.png>
Package pdftex.def Info: ../CE-Configuration/output/output_2-20_IB=100u.png  us
ed on input line 199.
(pdftex.def)             Requested size: 149.3802pt x 74.58pt.
 [4 <../CE-Configuration/input/input_0-0.4V_VCE=1.png> <../CE-Configuration/inp
ut/input_0-0.4_VCE=5.png> <../CE-Configuration/input/input_0-0.4_VCE=10.png> <.
./CE-Configuration/input/input_0.4-0.7_VCE=1.png> <../CE-Configuration/input/in
put_0.4-0.7_VCE=5.png> <../CE-Configuration/input/input_0.4-0.7_VCE=10.png> <..
/CE-Configuration/output/output_0-2_IB=20u.png> <../CE-Configuration/output/out
put_0-2_IB=60u.png> <../CE-Configuration/output/output_0-2_IB=100u.png> <../CE-
Configuration/output/output_2-20_IB=20u.png> <../CE-Configuration/output/output
_2-20_IB=60u.png> <../CE-Configuration/output/output_2-20_IB=100u.png>]
Overfull \hbox (27.4645pt too wide) in paragraph at lines 235--252
 [][] 
 []

[5]
<../CB-Configuration/Schematic.png, id=181, 1080.28593pt x 565.36218pt>
File: ../CB-Configuration/Schematic.png Graphic file (type png)
<use ../CB-Configuration/Schematic.png>
Package pdftex.def Info: ../CB-Configuration/Schematic.png  used on input line 
274.
(pdftex.def)             Requested size: 265.03296pt x 138.70041pt.
<../CB-Configuration/input/input_0-0.4.png, id=182, 1083.29718pt x 546.54187pt>

File: ../CB-Configuration/input/input_0-0.4.png Graphic file (type png)
<use ../CB-Configuration/input/input_0-0.4.png>
Package pdftex.def Info: ../CB-Configuration/input/input_0-0.4.png  used on inp
ut line 284.
(pdftex.def)             Requested size: 216.84248pt x 109.39816pt.
<../CB-Configuration/input/input_0.4-0.7.png, id=183, 1084.05pt x 542.77782pt>
File: ../CB-Configuration/input/input_0.4-0.7.png Graphic file (type png)
<use ../CB-Configuration/input/input_0.4-0.7.png>
Package pdftex.def Info: ../CB-Configuration/input/input_0.4-0.7.png  used on i
nput line 290.
(pdftex.def)             Requested size: 216.84248pt x 108.57019pt.
<../CB-Configuration/output/output_0-2.png, id=184, 1083.29718pt x 542.025pt>
File: ../CB-Configuration/output/output_0-2.png Graphic file (type png)
<use ../CB-Configuration/output/output_0-2.png>
Package pdftex.def Info: ../CB-Configuration/output/output_0-2.png  used on inp
ut line 302.
(pdftex.def)             Requested size: 216.84248pt x 108.49405pt.
<../CB-Configuration/output/output_2-20.png, id=185, 1081.79156pt x 548.80031pt
>
File: ../CB-Configuration/output/output_2-20.png Graphic file (type png)
<use ../CB-Configuration/output/output_2-20.png>
Package pdftex.def Info: ../CB-Configuration/output/output_2-20.png  used on in
put line 308.
(pdftex.def)             Requested size: 216.84248pt x 110.00096pt.
 [6

 <../CB-Configuration/Schematic.png> <../CB-Configuration/input/input_0-0.4.png
> <../CB-Configuration/input/input_0.4-0.7.png>]
Overfull \hbox (4.11597pt too wide) in paragraph at lines 320--339
 [][] 
 []


Overfull \hbox (9.87883pt too wide) in paragraph at lines 344--361
 [][] 
 []

[7 <../CB-Configuration/output/output_0-2.png> <../CB-Configuration/output/outp
ut_2-20.png>]
<../CC-Configutation/Schematic.png, id=209, 560.8453pt x 393.72093pt>
File: ../CC-Configutation/Schematic.png Graphic file (type png)
<use ../CC-Configutation/Schematic.png>
Package pdftex.def Info: ../CC-Configutation/Schematic.png  used on input line 
383.
(pdftex.def)             Requested size: 265.03296pt x 186.05214pt.
<../CC-Configutation/input/input_VEC=1.png, id=210, 1081.79156pt x 545.03625pt>

File: ../CC-Configutation/input/input_VEC=1.png Graphic file (type png)
<use ../CC-Configutation/input/input_VEC=1.png>
Package pdftex.def Info: ../CC-Configutation/input/input_VEC=1.png  used on inp
ut line 393.
(pdftex.def)             Requested size: 216.84248pt x 109.24649pt.
<../CC-Configutation/input/input_VEC=5,10.png, id=211, 1084.05pt x 545.78906pt>

File: ../CC-Configutation/input/input_VEC=5,10.png Graphic file (type png)
<use ../CC-Configutation/input/input_VEC=5,10.png>
Package pdftex.def Info: ../CC-Configutation/input/input_VEC=5,10.png  used on 
input line 399.
(pdftex.def)             Requested size: 216.84248pt x 109.17253pt.
<../CC-Configutation/output/output_0-2.png, id=212, 1082.54437pt x 548.80031pt>

File: ../CC-Configutation/output/output_0-2.png Graphic file (type png)
<use ../CC-Configutation/output/output_0-2.png>
Package pdftex.def Info: ../CC-Configutation/output/output_0-2.png  used on inp
ut line 411.
(pdftex.def)             Requested size: 216.84248pt x 109.92558pt.
<../CC-Configutation/output/output_2-20.png, id=213, 1078.78032pt x 546.54187pt
>
File: ../CC-Configutation/output/output_2-20.png Graphic file (type png)
<use ../CC-Configutation/output/output_2-20.png>
Package pdftex.def Info: ../CC-Configutation/output/output_2-20.png  used on in
put line 417.
(pdftex.def)             Requested size: 216.84248pt x 109.85684pt.

Underfull \hbox (badness 3815) in paragraph at lines 420--420
[]\OT1/cmr/m/n/10.95 Figure 9: |LT-spice Sim-u-la-tion of CC Out-put Char-ac-te
r-is-tics ($\OML/cmm/m/it/10.95 I[]$ \OT1/cmr/m/n/10.95 vs $\OML/cmm/m/it/10.95
 V[]$\OT1/cmr/m/n/10.95 ) for $\OML/cmm/m/it/10.95 I[] \OT1/cmr/m/n/10.95 =
 []

[8

 <../CC-Configutation/Schematic.png> <../CC-Configutation/input/input_VEC=1.png
> <../CC-Configutation/input/input_VEC=5,10.png>]
Overfull \hbox (27.62782pt too wide) in paragraph at lines 451--468
 [][] 
 []

[9 <../CC-Configutation/output/output_0-2.png> <../CC-Configutation/output/outp
ut_2-20.png>]
Overfull \hbox (6.90681pt too wide) detected at line 478
[][][]\OML/cmm/m/it/10.95 ^^L \OT1/cmr/m/n/10.95 = [] ([]\OML/cmm/m/it/10.95 V[
]\OT1/cmr/m/n/10.95 )\OML/cmm/m/it/10.95 ;  r[] \OT1/cmr/m/n/10.95 = [] ([]\OML
/cmm/m/it/10.95 V[]\OT1/cmr/m/n/10.95 )\OML/cmm/m/it/10.95 ;  r[] \OT1/cmr/m/n/
10.95 = [] ([]\OML/cmm/m/it/10.95 I[]\OT1/cmr/m/n/10.95 )
 []


Overfull \hbox (7.78056pt too wide) detected at line 482
[][][]\OML/cmm/m/it/10.95  \OT1/cmr/m/n/10.95 = [] ([]\OML/cmm/m/it/10.95 V[]\
OT1/cmr/m/n/10.95 )\OML/cmm/m/it/10.95 ;  r[] \OT1/cmr/m/n/10.95 = [] ([]\OML/c
mm/m/it/10.95 V[]\OT1/cmr/m/n/10.95 )\OML/cmm/m/it/10.95 ;  r[] \OT1/cmr/m/n/10
.95 = [] ([]\OML/cmm/m/it/10.95 I[]\OT1/cmr/m/n/10.95 )
 []


Overfull \hbox (7.075pt too wide) detected at line 486
[][][]\OML/cmm/m/it/10.95 ^^M \OT1/cmr/m/n/10.95 = [] ([]\OML/cmm/m/it/10.95 V[
]\OT1/cmr/m/n/10.95 )\OML/cmm/m/it/10.95 ;  r[] \OT1/cmr/m/n/10.95 = [] ([]\OML
/cmm/m/it/10.95 V[]\OT1/cmr/m/n/10.95 )\OML/cmm/m/it/10.95 ;  r[] \OT1/cmr/m/n/
10.95 = [] ([]\OML/cmm/m/it/10.95 I[]\OT1/cmr/m/n/10.95 )
 []


Overfull \hbox (125.73856pt too wide) in paragraph at lines 513--525
 [][] 
 []

[10

] [11] (./main.aux)
 ***********
LaTeX2e <2023-11-01> patch level 1
L3 programming layer <2024-01-22>
 ***********
Package rerunfilecheck Info: File `main.out' has not changed.
(rerunfilecheck)             Checksum: 74A6E5C7C60CA307492C461CC156F92A;6345.
 ) 
Here is how much of TeX's memory you used:
 13060 strings out of 474222
 208283 string characters out of 5748734
 1943975 words of memory out of 5000000
 35080 multiletter control sequences out of 15000+600000
 566881 words of font info for 70 fonts, out of 8000000 for 9000
 1141 hyphenation exceptions out of 8191
 75i,12n,79p,386b,585s stack positions out of 10000i,1000n,20000p,200000b,200000s
</usr/share/texlive/texmf-dist/fonts/type1/public/amsfonts/cm/cmbx10.pfb></us
r/share/texlive/texmf-dist/fonts/type1/public/amsfonts/cm/cmbx12.pfb></usr/shar
e/texlive/texmf-dist/fonts/type1/public/amsfonts/cm/cmex10.pfb></usr/share/texl
ive/texmf-dist/fonts/type1/public/amsfonts/cm/cmmi10.pfb></usr/share/texlive/te
xmf-dist/fonts/type1/public/amsfonts/cm/cmmi6.pfb></usr/share/texlive/texmf-dis
t/fonts/type1/public/amsfonts/cm/cmmi7.pfb></usr/share/texlive/texmf-dist/fonts
/type1/public/amsfonts/cm/cmmi8.pfb></usr/share/texlive/texmf-dist/fonts/type1/
public/amsfonts/cm/cmr10.pfb></usr/share/texlive/texmf-dist/fonts/type1/public/
amsfonts/cm/cmr8.pfb></usr/share/texlive/texmf-dist/fonts/type1/public/amsfonts
/cm/cmsy10.pfb></usr/share/texlive/texmf-dist/fonts/type1/public/amsfonts/cm/cm
sy8.pfb></usr/share/texmf/fonts/type1/public/cm-super/sfrm1095.pfb>
Output written on main.pdf (11 pages, 1067221 bytes).
PDF statistics:
 328 PDF objects out of 1000 (max. 8388607)
 242 compressed objects within 3 object streams
 79 named destinations out of 1000 (max. 500000)
 324 words of extra memory for PDF output out of 10000 (max. 10000000)

