LTspice 26.0.1 for Windows
Circuit: C:\EDC_LAB\EXP_6\Differential_Amplifier.net
Start Time: Thu Sep 24 15:27:54 2026
solver = Normal
Maximum thread count: 8
tnom = 27
temp = 27
method = trap
Instance "u1:x1:M1": Length shorter than recommended for a level 3 MOSFET.
Instance "u1:x1:M2": Length shorter than recommended for a level 3 MOSFET.
Instance "u1:x2:M1": Length shorter than recommended for a level 3 MOSFET.
Instance "u1:x2:M2": Length shorter than recommended for a level 3 MOSFET.
Instance "u2:x1:M1": Length shorter than recommended for a level 3 MOSFET.
Instance "u2:x1:M2": Length shorter than recommended for a level 3 MOSFET.
Instance "u2:x2:M1": Length shorter than recommended for a level 3 MOSFET.
Instance "u2:x2:M2": Length shorter than recommended for a level 3 MOSFET.
Direct Newton iteration failed to find operating point.
Starting Gmin stepping
Gmin stepping succeeded in finding the operating point.

Total elapsed time: 0.240 seconds.

Files loaded:
C:\EDC_LAB\EXP_6\Differential_Amplifier.net
C:\EDC_LAB\EXP_5\SI9926.txt

