LTspice 26.0.1 for Windows
Circuit: C:\EDC_LAB\EXP_7\current_mirror.net
Start Time: Tue Sep 29 16:51:41 2026
solver = Normal
Maximum thread count: 8
tnom = 27
temp = 27
method = trap
WARNING: Node nc_04 is floating.
WARNING: Node nc_05 is floating.

Instance "u1:x1:M1": Length shorter than recommended for a level 3 MOSFET.
Instance "u1:x1:M2": Length shorter than recommended for a level 3 MOSFET.
Instance "u1:x2:M1": Length shorter than recommended for a level 3 MOSFET.
Instance "u1:x2:M2": Length shorter than recommended for a level 3 MOSFET.
Instance "u2:x1:M1": Length shorter than recommended for a level 3 MOSFET.
Instance "u2:x1:M2": Length shorter than recommended for a level 3 MOSFET.
Instance "u2:x2:M1": Length shorter than recommended for a level 3 MOSFET.
Instance "u2:x2:M2": Length shorter than recommended for a level 3 MOSFET.
Direct Newton iteration succeeded in finding operating point.
Total elapsed time: 0.488 seconds.

Files loaded:
C:\EDC_LAB\EXP_7\current_mirror.net
C:\EDC_LAB\EXP_7\SI9926.TXT

