This is pdfTeX, Version 3.141592653-2.6-1.40.25 (TeX Live 2023/Debian) (preloaded format=pdflatex 2025.8.1)  18 SEP 2026 20:13
entering extended mode
 restricted \write18 enabled.
 %&-line parsing enabled.
**main.tex
(./main.tex
LaTeX2e <2023-11-01> patch level 1
L3 programming layer <2024-01-22>
(/usr/share/texlive/texmf-dist/tex/latex/base/article.cls
Document Class: article 2023/05/17 v1.4n Standard LaTeX document class
(/usr/share/texlive/texmf-dist/tex/latex/base/size11.clo
File: size11.clo 2023/05/17 v1.4n Standard LaTeX file (size option)
)
\c@part=\count187
\c@section=\count188
\c@subsection=\count189
\c@subsubsection=\count190
\c@paragraph=\count191
\c@subparagraph=\count192
\c@figure=\count193
\c@table=\count194
\abovecaptionskip=\skip48
\belowcaptionskip=\skip49
\bibindent=\dimen140
) (/usr/share/texlive/texmf-dist/tex/latex/base/inputenc.sty
Package: inputenc 2021/02/14 v1.3d Input encoding file
\inpenc@prehook=\toks17
\inpenc@posthook=\toks18
) (/usr/share/texlive/texmf-dist/tex/latex/geometry/geometry.sty
Package: geometry 2020/01/02 v5.9 Page Geometry
 (/usr/share/texlive/texmf-dist/tex/latex/graphics/keyval.sty
Package: keyval 2022/05/29 v1.15 key=value parser (DPC)
\KV@toks@=\toks19
) (/usr/share/texlive/texmf-dist/tex/generic/iftex/ifvtex.sty
Package: ifvtex 2019/10/25 v1.7 ifvtex legacy package. Use iftex instead.
 (/usr/share/texlive/texmf-dist/tex/generic/iftex/iftex.sty
Package: iftex 2022/02/03 v1.0f TeX engine tests
))
\Gm@cnth=\count195
\Gm@cntv=\count196
\c@Gm@tempcnt=\count197
\Gm@bindingoffset=\dimen141
\Gm@wd@mp=\dimen142
\Gm@odd@mp=\dimen143
\Gm@even@mp=\dimen144
\Gm@layoutwidth=\dimen145
\Gm@layoutheight=\dimen146
\Gm@layouthoffset=\dimen147
\Gm@layoutvoffset=\dimen148
\Gm@dimlist=\toks20
) (/usr/share/texlive/texmf-dist/tex/latex/graphics/graphicx.sty
Package: graphicx 2021/09/16 v1.2d Enhanced LaTeX Graphics (DPC,SPQR)
 (/usr/share/texlive/texmf-dist/tex/latex/graphics/graphics.sty
Package: graphics 2022/03/10 v1.4e Standard LaTeX Graphics (DPC,SPQR)
 (/usr/share/texlive/texmf-dist/tex/latex/graphics/trig.sty
Package: trig 2021/08/11 v1.11 sin cos tan (DPC)
) (/usr/share/texlive/texmf-dist/tex/latex/graphics-cfg/graphics.cfg
File: graphics.cfg 2016/06/04 v1.11 sample graphics configuration
)
Package graphics Info: Driver file: pdftex.def on input line 107.
 (/usr/share/texlive/texmf-dist/tex/latex/graphics-def/pdftex.def
File: pdftex.def 2022/09/22 v1.2b Graphics/color driver for pdftex
))
\Gin@req@height=\dimen149
\Gin@req@width=\dimen150
) (/usr/share/texlive/texmf-dist/tex/latex/amsmath/amsmath.sty
Package: amsmath 2023/05/13 v2.17o AMS math features
\@mathmargin=\skip50

For additional information on amsmath, use the `?' option.
(/usr/share/texlive/texmf-dist/tex/latex/amsmath/amstext.sty
Package: amstext 2021/08/26 v2.01 AMS text
 (/usr/share/texlive/texmf-dist/tex/latex/amsmath/amsgen.sty
File: amsgen.sty 1999/11/30 v2.0 generic functions
\@emptytoks=\toks21
\ex@=\dimen151
)) (/usr/share/texlive/texmf-dist/tex/latex/amsmath/amsbsy.sty
Package: amsbsy 1999/11/29 v1.2d Bold Symbols
\pmbraise@=\dimen152
) (/usr/share/texlive/texmf-dist/tex/latex/amsmath/amsopn.sty
Package: amsopn 2022/04/08 v2.04 operator names
)
\inf@bad=\count198
LaTeX Info: Redefining \frac on input line 234.
\uproot@=\count199
\leftroot@=\count266
LaTeX Info: Redefining \overline on input line 399.
LaTeX Info: Redefining \colon on input line 410.
\classnum@=\count267
\DOTSCASE@=\count268
LaTeX Info: Redefining \ldots on input line 496.
LaTeX Info: Redefining \dots on input line 499.
LaTeX Info: Redefining \cdots on input line 620.
\Mathstrutbox@=\box51
\strutbox@=\box52
LaTeX Info: Redefining \big on input line 722.
LaTeX Info: Redefining \Big on input line 723.
LaTeX Info: Redefining \bigg on input line 724.
LaTeX Info: Redefining \Bigg on input line 725.
\big@size=\dimen153
LaTeX Font Info:    Redeclaring font encoding OML on input line 743.
LaTeX Font Info:    Redeclaring font encoding OMS on input line 744.
\macc@depth=\count269
LaTeX Info: Redefining \bmod on input line 905.
LaTeX Info: Redefining \pmod on input line 910.
LaTeX Info: Redefining \smash on input line 940.
LaTeX Info: Redefining \relbar on input line 970.
LaTeX Info: Redefining \Relbar on input line 971.
\c@MaxMatrixCols=\count270
\dotsspace@=\muskip16
\c@parentequation=\count271
\dspbrk@lvl=\count272
\tag@help=\toks22
\row@=\count273
\column@=\count274
\maxfields@=\count275
\andhelp@=\toks23
\eqnshift@=\dimen154
\alignsep@=\dimen155
\tagshift@=\dimen156
\tagwidth@=\dimen157
\totwidth@=\dimen158
\lineht@=\dimen159
\@envbody=\toks24
\multlinegap=\skip51
\multlinetaggap=\skip52
\mathdisplay@stack=\toks25
LaTeX Info: Redefining \[ on input line 2953.
LaTeX Info: Redefining \] on input line 2954.
) (/usr/share/texlive/texmf-dist/tex/latex/amsfonts/amssymb.sty
Package: amssymb 2013/01/14 v3.01 AMS font symbols
 (/usr/share/texlive/texmf-dist/tex/latex/amsfonts/amsfonts.sty
Package: amsfonts 2013/01/14 v3.01 Basic AMSFonts support
\symAMSa=\mathgroup4
\symAMSb=\mathgroup5
LaTeX Font Info:    Redeclaring math symbol \hbar on input line 98.
LaTeX Font Info:    Overwriting math alphabet `\mathfrak' in version `bold'
(Font)                  U/euf/m/n --> U/euf/b/n on input line 106.
)) (/usr/share/texlive/texmf-dist/tex/latex/booktabs/booktabs.sty
Package: booktabs 2020/01/12 v1.61803398 Publication quality tables
\heavyrulewidth=\dimen160
\lightrulewidth=\dimen161
\cmidrulewidth=\dimen162
\belowrulesep=\dimen163
\belowbottomsep=\dimen164
\aboverulesep=\dimen165
\abovetopsep=\dimen166
\cmidrulesep=\dimen167
\cmidrulekern=\dimen168
\defaultaddspace=\dimen169
\@cmidla=\count276
\@cmidlb=\count277
\@aboverulesep=\dimen170
\@belowrulesep=\dimen171
\@thisruleclass=\count278
\@lastruleclass=\count279
\@thisrulewidth=\dimen172
) (/usr/share/texlive/texmf-dist/tex/latex/tools/longtable.sty
Package: longtable 2023-11-01 v4.19 Multi-page Table package (DPC)
\LTleft=\skip53
\LTright=\skip54
\LTpre=\skip55
\LTpost=\skip56
\LTchunksize=\count280
\LTcapwidth=\dimen173
\LT@head=\box53
\LT@firsthead=\box54
\LT@foot=\box55
\LT@lastfoot=\box56
\LT@gbox=\box57
\LT@cols=\count281
\LT@rows=\count282
\c@LT@tables=\count283
\c@LT@chunks=\count284
\LT@p@ftn=\toks26
) (/usr/share/texlive/texmf-dist/tex/latex/tools/array.sty
Package: array 2023/10/16 v2.5g Tabular extension package (FMi)
\col@sep=\dimen174
\ar@mcellbox=\box58
\extrarowheight=\dimen175
\NC@list=\toks27
\extratabsurround=\skip57
\backup@length=\skip58
\ar@cellbox=\box59
) (/usr/share/texlive/texmf-dist/tex/latex/hyperref/hyperref.sty
Package: hyperref 2024-01-20 v7.01h Hypertext links for LaTeX
 (/usr/share/texlive/texmf-dist/tex/latex/kvsetkeys/kvsetkeys.sty
Package: kvsetkeys 2022-10-05 v1.19 Key value parser (HO)
) (/usr/share/texlive/texmf-dist/tex/generic/kvdefinekeys/kvdefinekeys.sty
Package: kvdefinekeys 2019-12-19 v1.6 Define keys (HO)
) (/usr/share/texlive/texmf-dist/tex/generic/pdfescape/pdfescape.sty
Package: pdfescape 2019/12/09 v1.15 Implements pdfTeX's escape features (HO)
 (/usr/share/texlive/texmf-dist/tex/generic/ltxcmds/ltxcmds.sty
Package: ltxcmds 2023-12-04 v1.26 LaTeX kernel commands for general use (HO)
) (/usr/share/texlive/texmf-dist/tex/generic/pdftexcmds/pdftexcmds.sty
Package: pdftexcmds 2020-06-27 v0.33 Utility functions of pdfTeX for LuaTeX (HO)
 (/usr/share/texlive/texmf-dist/tex/generic/infwarerr/infwarerr.sty
Package: infwarerr 2019/12/03 v1.5 Providing info/warning/error messages (HO)
)
Package pdftexcmds Info: \pdf@primitive is available.
Package pdftexcmds Info: \pdf@ifprimitive is available.
Package pdftexcmds Info: \pdfdraftmode found.
)) (/usr/share/texlive/texmf-dist/tex/latex/hycolor/hycolor.sty
Package: hycolor 2020-01-27 v1.10 Color options for hyperref/bookmark (HO)
) (/usr/share/texlive/texmf-dist/tex/latex/auxhook/auxhook.sty
Package: auxhook 2019-12-17 v1.6 Hooks for auxiliary files (HO)
) (/usr/share/texlive/texmf-dist/tex/latex/hyperref/nameref.sty
Package: nameref 2023-11-26 v2.56 Cross-referencing by name of section
 (/usr/share/texlive/texmf-dist/tex/latex/refcount/refcount.sty
Package: refcount 2019/12/15 v3.6 Data extraction from label references (HO)
) (/usr/share/texlive/texmf-dist/tex/generic/gettitlestring/gettitlestring.sty
Package: gettitlestring 2019/12/15 v1.6 Cleanup title references (HO)
 (/usr/share/texlive/texmf-dist/tex/latex/kvoptions/kvoptions.sty
Package: kvoptions 2022-06-15 v3.15 Key value format for package options (HO)
))
\c@section@level=\count285
) (/usr/share/texlive/texmf-dist/tex/latex/etoolbox/etoolbox.sty
Package: etoolbox 2020/10/05 v2.5k e-TeX tools for LaTeX (JAW)
\etb@tempcnta=\count286
)
\@linkdim=\dimen176
\Hy@linkcounter=\count287
\Hy@pagecounter=\count288
 (/usr/share/texlive/texmf-dist/tex/latex/hyperref/pd1enc.def
File: pd1enc.def 2024-01-20 v7.01h Hyperref: PDFDocEncoding definition (HO)
Now handling font encoding PD1 ...
... no UTF-8 mapping file for font encoding PD1
) (/usr/share/texlive/texmf-dist/tex/generic/intcalc/intcalc.sty
Package: intcalc 2019/12/15 v1.3 Expandable calculations with integers (HO)
)
\Hy@SavedSpaceFactor=\count289
 (/usr/share/texlive/texmf-dist/tex/latex/hyperref/puenc.def
File: puenc.def 2024-01-20 v7.01h Hyperref: PDF Unicode definition (HO)
Now handling font encoding PU ...
... no UTF-8 mapping file for font encoding PU
)
Package hyperref Info: Hyper figures OFF on input line 4179.
Package hyperref Info: Link nesting OFF on input line 4184.
Package hyperref Info: Hyper index ON on input line 4187.
Package hyperref Info: Plain pages OFF on input line 4194.
Package hyperref Info: Backreferencing OFF on input line 4199.
Package hyperref Info: Implicit mode ON; LaTeX internals redefined.
Package hyperref Info: Bookmarks ON on input line 4446.
\c@Hy@tempcnt=\count290
 (/usr/share/texlive/texmf-dist/tex/latex/url/url.sty
\Urlmuskip=\muskip17
Package: url 2013/09/16  ver 3.4  Verb mode for urls, etc.
)
LaTeX Info: Redefining \url on input line 4784.
\XeTeXLinkMargin=\dimen177
 (/usr/share/texlive/texmf-dist/tex/generic/bitset/bitset.sty
Package: bitset 2019/12/09 v1.3 Handle bit-vector datatype (HO)
 (/usr/share/texlive/texmf-dist/tex/generic/bigintcalc/bigintcalc.sty
Package: bigintcalc 2019/12/15 v1.5 Expandable calculations on big integers (HO)
))
\Fld@menulength=\count291
\Field@Width=\dimen178
\Fld@charsize=\dimen179
Package hyperref Info: Hyper figures OFF on input line 6063.
Package hyperref Info: Link nesting OFF on input line 6068.
Package hyperref Info: Hyper index ON on input line 6071.
Package hyperref Info: backreferencing OFF on input line 6078.
Package hyperref Info: Link coloring OFF on input line 6083.
Package hyperref Info: Link coloring with OCG OFF on input line 6088.
Package hyperref Info: PDF/A mode OFF on input line 6093.
 (/usr/share/texlive/texmf-dist/tex/latex/base/atbegshi-ltx.sty
Package: atbegshi-ltx 2021/01/10 v1.0c Emulation of the original atbegshi
package with kernel methods
)
\Hy@abspage=\count292
\c@Item=\count293
\c@Hfootnote=\count294
)
Package hyperref Info: Driver (autodetected): hpdftex.
 (/usr/share/texlive/texmf-dist/tex/latex/hyperref/hpdftex.def
File: hpdftex.def 2024-01-20 v7.01h Hyperref driver for pdfTeX

(/usr/share/texlive/texmf-dist/tex/latex/base/atveryend-ltx.sty
Package: atveryend-ltx 2020/08/19 v1.0a Emulation of the original atveryend package
with kernel methods
)
\Fld@listcount=\count295
\c@bookmark@seq@number=\count296
 (/usr/share/texlive/texmf-dist/tex/latex/rerunfilecheck/rerunfilecheck.sty
Package: rerunfilecheck 2022-07-10 v1.10 Rerun checks for auxiliary files (HO)
 (/usr/share/texlive/texmf-dist/tex/generic/uniquecounter/uniquecounter.sty
Package: uniquecounter 2019/12/15 v1.4 Provide unlimited unique counter (HO)
)
Package uniquecounter Info: New unique counter `rerunfilecheck' on input line 285.
)
\Hy@SectionHShift=\skip59
) (/usr/share/texlive/texmf-dist/tex/latex/float/float.sty
Package: float 2001/11/08 v1.3d Float enhancements (AL)
\c@float@type=\count297
\float@exts=\toks28
\float@box=\box60
\@float@everytoks=\toks29
\@floatcapt=\box61
) (/usr/share/texlive/texmf-dist/tex/latex/caption/caption.sty
Package: caption 2023/08/05 v3.6o Customizing captions (AR)
 (/usr/share/texlive/texmf-dist/tex/latex/caption/caption3.sty
Package: caption3 2023/07/31 v2.4d caption3 kernel (AR)
\caption@tempdima=\dimen180
\captionmargin=\dimen181
\caption@leftmargin=\dimen182
\caption@rightmargin=\dimen183
\caption@width=\dimen184
\caption@indent=\dimen185
\caption@parindent=\dimen186
\caption@hangindent=\dimen187
Package caption Info: Standard document class detected.
)
\c@caption@flags=\count298
\c@continuedfloat=\count299
Package caption Info: float package is loaded.
Package caption Info: hyperref package is loaded.
Package caption Info: longtable package is loaded.
 (/usr/share/texlive/texmf-dist/tex/latex/caption/ltcaption.sty
Package: ltcaption 2021/01/08 v1.4c longtable captions (AR)
)) (/usr/share/texlive/texmf-dist/tex/latex/caption/subcaption.sty
Package: subcaption 2023/07/28 v1.6b Sub-captions (AR)
Package caption Info: New subtype `subfigure' on input line 238.
\c@subfigure=\count300
Package caption Info: New subtype `subtable' on input line 238.
\c@subtable=\count301
) (/usr/share/texlive/texmf-dist/tex/latex/fancyhdr/fancyhdr.sty
Package: fancyhdr 2022/11/09 v4.1 Extensive control of page headers and footers
\f@nch@headwidth=\skip60
\f@nch@O@elh=\skip61
\f@nch@O@erh=\skip62
\f@nch@O@olh=\skip63
\f@nch@O@orh=\skip64
\f@nch@O@elf=\skip65
\f@nch@O@erf=\skip66
\f@nch@O@olf=\skip67
\f@nch@O@orf=\skip68
) (/usr/share/texlive/texmf-dist/tex/latex/titlesec/titlesec.sty
Package: titlesec 2023/10/27 v2.16 Sectioning titles
\ttl@box=\box62
\beforetitleunit=\skip69
\aftertitleunit=\skip70
\ttl@plus=\dimen188
\ttl@minus=\dimen189
\ttl@toksa=\toks30
\titlewidth=\dimen190
\titlewidthlast=\dimen191
\titlewidthfirst=\dimen192
) (/usr/share/texlive/texmf-dist/tex/latex/xcolor/xcolor.sty
Package: xcolor 2023/11/15 v3.01 LaTeX color extensions (UK)
 (/usr/share/texlive/texmf-dist/tex/latex/graphics-cfg/color.cfg
File: color.cfg 2016/01/02 v1.6 sample color configuration
)
Package xcolor Info: Driver file: pdftex.def on input line 274.
 (/usr/share/texlive/texmf-dist/tex/latex/graphics/mathcolor.ltx)
Package xcolor Info: Model `cmy' substituted by `cmy0' on input line 1350.
Package xcolor Info: Model `hsb' substituted by `rgb' on input line 1354.
Package xcolor Info: Model `RGB' extended on input line 1366.
Package xcolor Info: Model `HTML' substituted by `rgb' on input line 1368.
Package xcolor Info: Model `Hsb' substituted by `hsb' on input line 1369.
Package xcolor Info: Model `tHsb' substituted by `hsb' on input line 1370.
Package xcolor Info: Model `HSB' substituted by `hsb' on input line 1371.
Package xcolor Info: Model `Gray' substituted by `gray' on input line 1372.
Package xcolor Info: Model `wave' substituted by `hsb' on input line 1373.
)
Package hyperref Info: Option `colorlinks' set `true' on input line 27.
 (/usr/share/texlive/texmf-dist/tex/latex/l3backend/l3backend-pdftex.def
File: l3backend-pdftex.def 2024-01-04 L3 backend support: PDF output (pdfTeX)
\l__color_backend_stack_int=\count302
\l__pdf_internal_box=\box63
) (./main.aux)
\openout1 = `main.aux'.

LaTeX Font Info:    Checking defaults for OML/cmm/m/it on input line 40.
LaTeX Font Info:    ... okay on input line 40.
LaTeX Font Info:    Checking defaults for OMS/cmsy/m/n on input line 40.
LaTeX Font Info:    ... okay on input line 40.
LaTeX Font Info:    Checking defaults for OT1/cmr/m/n on input line 40.
LaTeX Font Info:    ... okay on input line 40.
LaTeX Font Info:    Checking defaults for T1/cmr/m/n on input line 40.
LaTeX Font Info:    ... okay on input line 40.
LaTeX Font Info:    Checking defaults for TS1/cmr/m/n on input line 40.
LaTeX Font Info:    ... okay on input line 40.
LaTeX Font Info:    Checking defaults for OMX/cmex/m/n on input line 40.
LaTeX Font Info:    ... okay on input line 40.
LaTeX Font Info:    Checking defaults for U/cmr/m/n on input line 40.
LaTeX Font Info:    ... okay on input line 40.
LaTeX Font Info:    Checking defaults for PD1/pdf/m/n on input line 40.
LaTeX Font Info:    ... okay on input line 40.
LaTeX Font Info:    Checking defaults for PU/pdf/m/n on input line 40.
LaTeX Font Info:    ... okay on input line 40.

*geometry* driver: auto-detecting
*geometry* detected driver: pdftex
*geometry* verbose mode - [ preamble ] result:
* driver: pdftex
* paper: a4paper
* layout: <same size as paper>
* layoutoffset:(h,v)=(0.0pt,0.0pt)
* modes: 
* h-part:(L,W,R)=(54.2025pt, 489.10287pt, 54.2025pt)
* v-part:(T,H,B)=(54.2025pt, 736.64185pt, 54.2025pt)
* \paperwidth=597.50787pt
* \paperheight=845.04684pt
* \textwidth=489.10287pt
* \textheight=736.64185pt
* \oddsidemargin=-18.06749pt
* \evensidemargin=-18.06749pt
* \topmargin=-55.06749pt
* \headheight=14.0pt
* \headsep=25.0pt
* \topskip=11.0pt
* \footskip=30.0pt
* \marginparwidth=50.0pt
* \marginparsep=10.0pt
* \columnsep=10.0pt
* \skip\footins=10.0pt plus 4.0pt minus 2.0pt
* \hoffset=0.0pt
* \voffset=0.0pt
* \mag=1000
* \@twocolumnfalse
* \@twosidefalse
* \@mparswitchfalse
* \@reversemarginfalse
* (1in=72.27pt=25.4mm, 1cm=28.453pt)

(/usr/share/texlive/texmf-dist/tex/context/base/mkii/supp-pdf.mkii
[Loading MPS to PDF converter (version 2006.09.02).]
\scratchcounter=\count303
\scratchdimen=\dimen193
\scratchbox=\box64
\nofMPsegments=\count304
\nofMParguments=\count305
\everyMPshowfont=\toks31
\MPscratchCnt=\count306
\MPscratchDim=\dimen194
\MPnumerator=\count307
\makeMPintoPDFobject=\count308
\everyMPtoPDFconversion=\toks32
) (/usr/share/texlive/texmf-dist/tex/latex/epstopdf-pkg/epstopdf-base.sty
Package: epstopdf-base 2020-01-24 v2.11 Base part for package epstopdf
Package epstopdf-base Info: Redefining graphics rule for `.eps' on input line 485.
 (/usr/share/texlive/texmf-dist/tex/latex/latexconfig/epstopdf-sys.cfg
File: epstopdf-sys.cfg 2010/07/13 v1.3 Configuration of (r)epstopdf for TeX Live
))
Package hyperref Info: Link coloring ON on input line 40.
 (./main.out) (./main.out)
\@outlinefile=\write3
\openout3 = `main.out'.

Package caption Info: Begin \AtBeginDocument code.
Package caption Info: End \AtBeginDocument code.
LaTeX Font Info:    Trying to load font information for U+msa on input line 50.
 (/usr/share/texlive/texmf-dist/tex/latex/amsfonts/umsa.fd
File: umsa.fd 2013/01/14 v3.01 AMS symbols A
)
LaTeX Font Info:    Trying to load font information for U+msb on input line 50.
 (/usr/share/texlive/texmf-dist/tex/latex/amsfonts/umsb.fd
File: umsb.fd 2013/01/14 v3.01 AMS symbols B
)
Overfull \hbox (26.98534pt too wide) in paragraph at lines 66--67
[]\OT1/cmr/m/n/10.95 To ex-per-i-men-tally mea-sure the large-signal differential-mode trans-fer char-ac-ter-is-tics ($\OML/cmm/m/it/10.95 V[]; V[]; I[]; I[]$\OT1/cmr/m/n/10.95 ,
 []


Underfull \hbox (badness 2486) in paragraph at lines 78--79
[]|\OT1/cmr/m/n/10.95 Matched pair $\OML/cmm/m/it/10.95 M[]; M[]$ \OT1/cmr/m/n/10.95 ($\OML/cmm/m/it/10.95 V[] \OT1/cmr/m/n/10.95 =
 []


Underfull \hbox (badness 4291) in paragraph at lines 83--84
[]|\OT1/cmr/m/n/10.95 Non-invasive volt-age probes across
 []


Underfull \hbox (badness 4819) in paragraph at lines 84--85
[]|\OT1/cmr/m/n/10.95 Nonlinear SPICE sim-u-la-tion us-ing
 []


Overfull \hbox (38.5151pt too wide) in paragraph at lines 75--87
 [][] 
 []

[1{/var/lib/texmf/fonts/map/pdftex/updmap/pdftex.map}

]
<../Schematic.png, id=131, 949.29657pt x 497.60907pt>
File: ../Schematic.png Graphic file (type png)
<use ../Schematic.png>
Package pdftex.def Info: ../Schematic.png  used on input line 98.
(pdftex.def)             Requested size: 366.82715pt x 192.28242pt.
 [2{/usr/share/texmf/fonts/enc/dvips/cm-super/cm-super-ts1.enc} <../Schematic.png>]
<../PLOTS/CHARACTERISTICS/INPUT/v1.png, id=142, 453.19313pt x 270.25969pt>
File: ../PLOTS/CHARACTERISTICS/INPUT/v1.png Graphic file (type png)
<use ../PLOTS/CHARACTERISTICS/INPUT/v1.png>
Package pdftex.def Info: ../PLOTS/CHARACTERISTICS/INPUT/v1.png  used on input line 152.
(pdftex.def)             Requested size: 234.76729pt x 139.99974pt.
<../PLOTS/CHARACTERISTICS/INPUT/v2.png, id=143, 451.6875pt x 270.25969pt>
File: ../PLOTS/CHARACTERISTICS/INPUT/v2.png Graphic file (type png)
<use ../PLOTS/CHARACTERISTICS/INPUT/v2.png>
Package pdftex.def Info: ../PLOTS/CHARACTERISTICS/INPUT/v2.png  used on input line 157.
(pdftex.def)             Requested size: 234.76729pt x 140.46985pt.
 [3]
<../PLOTS/CHARACTERISTICS/OUTPUT/v1.png, id=159, 452.4403pt x 267.24844pt>
File: ../PLOTS/CHARACTERISTICS/OUTPUT/v1.png Graphic file (type png)
<use ../PLOTS/CHARACTERISTICS/OUTPUT/v1.png>
Package pdftex.def Info: ../PLOTS/CHARACTERISTICS/OUTPUT/v1.png  used on input line 167.
(pdftex.def)             Requested size: 234.76729pt x 138.6723pt.
<../PLOTS/CHARACTERISTICS/OUTPUT/v2.png, id=160, 446.41782pt x 267.24844pt>
File: ../PLOTS/CHARACTERISTICS/OUTPUT/v2.png Graphic file (type png)
<use ../PLOTS/CHARACTERISTICS/OUTPUT/v2.png>
Package pdftex.def Info: ../PLOTS/CHARACTERISTICS/OUTPUT/v2.png  used on input line 172.
(pdftex.def)             Requested size: 234.76729pt x 140.54404pt.

Overfull \hbox (25.92876pt too wide) in paragraph at lines 184--201
 [] 
 []


Overfull \hbox (25.92876pt too wide) in paragraph at lines 205--223
 [] 
 []

[4 <../PLOTS/CHARACTERISTICS/INPUT/v1.png> <../PLOTS/CHARACTERISTICS/INPUT/v2.png> <../PLOTS/CHARACTERISTICS/OUTPUT/v1.png> <../PLOTS/CHARACTERISTICS/OUTPUT/v2.png>]
<../SIM/7.1/sim_is.png, id=174, 1444.64719pt x 645.16031pt>
File: ../SIM/7.1/sim_is.png Graphic file (type png)
<use ../SIM/7.1/sim_is.png>
Package pdftex.def Info: ../SIM/7.1/sim_is.png  used on input line 244.
(pdftex.def)             Requested size: 234.76729pt x 104.84222pt.
<../PLOTS/BIAS_SETTING/is_vs_vcm.png, id=175, 445.665pt x 272.51813pt>
File: ../PLOTS/BIAS_SETTING/is_vs_vcm.png Graphic file (type png)
<use ../PLOTS/BIAS_SETTING/is_vs_vcm.png>
Package pdftex.def Info: ../PLOTS/BIAS_SETTING/is_vs_vcm.png  used on input line 249.
(pdftex.def)             Requested size: 234.76729pt x 143.55652pt.
<../SIM/7.1/sim_vd1_vd2.png, id=176, 1443.89438pt x 641.39626pt>
File: ../SIM/7.1/sim_vd1_vd2.png Graphic file (type png)
<use ../SIM/7.1/sim_vd1_vd2.png>
Package pdftex.def Info: ../SIM/7.1/sim_vd1_vd2.png  used on input line 259.
(pdftex.def)             Requested size: 234.76729pt x 104.27948pt.
<../PLOTS/BIAS_SETTING/vd1_vd2_vs_vcm.png, id=177, 448.67625pt x 273.27094pt>
File: ../PLOTS/BIAS_SETTING/vd1_vd2_vs_vcm.png Graphic file (type png)
<use ../PLOTS/BIAS_SETTING/vd1_vd2_vs_vcm.png>
Package pdftex.def Info: ../PLOTS/BIAS_SETTING/vd1_vd2_vs_vcm.png  used on input line 264.
(pdftex.def)             Requested size: 234.76729pt x 142.98569pt.
 [5 <../SIM/7.1/sim_is.png> <../PLOTS/BIAS_SETTING/is_vs_vcm.png> <../SIM/7.1/sim_vd1_vd2.png> <../PLOTS/BIAS_SETTING/vd1_vd2_vs_vcm.png>] [6]
<../SIM/7.2/sim_is.png, id=195, 1444.64719pt x 639.89063pt>
File: ../SIM/7.2/sim_is.png Graphic file (type png)
<use ../SIM/7.2/sim_is.png>
Package pdftex.def Info: ../SIM/7.2/sim_is.png  used on input line 318.
(pdftex.def)             Requested size: 234.76729pt x 103.98587pt.
<../PLOTS/CM/is_vs_vcm.png, id=196, 451.6875pt x 268.00125pt>
File: ../PLOTS/CM/is_vs_vcm.png Graphic file (type png)
<use ../PLOTS/CM/is_vs_vcm.png>
Package pdftex.def Info: ../PLOTS/CM/is_vs_vcm.png  used on input line 323.
(pdftex.def)             Requested size: 234.76729pt x 139.296pt.
<../SIM/7.2/sim_vd1_vd2.png, id=197, 1442.38875pt x 637.63219pt>
File: ../SIM/7.2/sim_vd1_vd2.png Graphic file (type png)
<use ../SIM/7.2/sim_vd1_vd2.png>
Package pdftex.def Info: ../SIM/7.2/sim_vd1_vd2.png  used on input line 333.
(pdftex.def)             Requested size: 234.76729pt x 103.77454pt.
<../PLOTS/CM/vd1_vd2_vs_vcm.png, id=198, 450.18187pt x 267.24844pt>
File: ../PLOTS/CM/vd1_vd2_vs_vcm.png Graphic file (type png)
<use ../PLOTS/CM/vd1_vd2_vs_vcm.png>
Package pdftex.def Info: ../PLOTS/CM/vd1_vd2_vs_vcm.png  used on input line 338.
(pdftex.def)             Requested size: 234.76729pt x 139.36961pt.
<../SIM/7.2/sim_vss.png, id=199, 1440.88312pt x 639.13782pt>
File: ../SIM/7.2/sim_vss.png Graphic file (type png)
<use ../SIM/7.2/sim_vss.png>
Package pdftex.def Info: ../SIM/7.2/sim_vss.png  used on input line 348.
(pdftex.def)             Requested size: 234.76729pt x 104.1366pt.
<../PLOTS/CM/vss_vs_vcm.png, id=200, 454.69875pt x 272.51813pt>
File: ../PLOTS/CM/vss_vs_vcm.png Graphic file (type png)
<use ../PLOTS/CM/vss_vs_vcm.png>
Package pdftex.def Info: ../PLOTS/CM/vss_vs_vcm.png  used on input line 353.
(pdftex.def)             Requested size: 234.76729pt x 140.70393pt.
 [7 <../SIM/7.2/sim_is.png> <../PLOTS/CM/is_vs_vcm.png> <../SIM/7.2/sim_vd1_vd2.png> <../PLOTS/CM/vd1_vd2_vs_vcm.png>]
Overfull \hbox (1.12825pt too wide) in paragraph at lines 365--375
 [][] 
 []

[8 <../SIM/7.2/sim_vss.png> <../PLOTS/CM/vss_vs_vcm.png>]
<../SIM/7.3/sim_vd1_vd2_vs_vid.png, id=228, 1441.63594pt x 643.6547pt>
File: ../SIM/7.3/sim_vd1_vd2_vs_vid.png Graphic file (type png)
<use ../SIM/7.3/sim_vd1_vd2_vs_vid.png>
Package pdftex.def Info: ../SIM/7.3/sim_vd1_vd2_vs_vid.png  used on input line 403.
(pdftex.def)             Requested size: 234.76729pt x 104.81363pt.
<../PLOTS/DIFF_MODE/vd1_vd2_vs_vid.png, id=229, 450.18187pt x 270.25969pt>
File: ../PLOTS/DIFF_MODE/vd1_vd2_vs_vid.png Graphic file (type png)
<use ../PLOTS/DIFF_MODE/vd1_vd2_vs_vid.png>
Package pdftex.def Info: ../PLOTS/DIFF_MODE/vd1_vd2_vs_vid.png  used on input line 408.
(pdftex.def)             Requested size: 234.76729pt x 140.93997pt.
<../SIM/7.3/sim_id1_id2_vs_vid.png, id=230, 1441.63594pt x 642.90187pt>
File: ../SIM/7.3/sim_id1_id2_vs_vid.png Graphic file (type png)
<use ../SIM/7.3/sim_id1_id2_vs_vid.png>
Package pdftex.def Info: ../SIM/7.3/sim_id1_id2_vs_vid.png  used on input line 418.
(pdftex.def)             Requested size: 234.76729pt x 104.69102pt.
<../PLOTS/DIFF_MODE/id1_id2_vs_vid.png, id=231, 458.46281pt x 271.0125pt>
File: ../PLOTS/DIFF_MODE/id1_id2_vs_vid.png Graphic file (type png)
<use ../PLOTS/DIFF_MODE/id1_id2_vs_vid.png>
Package pdftex.def Info: ../PLOTS/DIFF_MODE/id1_id2_vs_vid.png  used on input line 423.
(pdftex.def)             Requested size: 234.76729pt x 138.78107pt.
<../PLOTS/DIFF_MODE/del_id_vs_vid_linear.png, id=232, 450.18187pt x 271.76532pt>
File: ../PLOTS/DIFF_MODE/del_id_vs_vid_linear.png Graphic file (type png)
<use ../PLOTS/DIFF_MODE/del_id_vs_vid_linear.png>
Package pdftex.def Info: ../PLOTS/DIFF_MODE/del_id_vs_vid_linear.png  used on input line 433.
(pdftex.def)             Requested size: 234.76729pt x 141.72516pt.
<../PLOTS/DIFF_MODE/del_id_vs_vid_tanh_overlay.png, id=233, 650.43pt x 397.485pt>
File: ../PLOTS/DIFF_MODE/del_id_vs_vid_tanh_overlay.png Graphic file (type png)
<use ../PLOTS/DIFF_MODE/del_id_vs_vid_tanh_overlay.png>
Package pdftex.def Info: ../PLOTS/DIFF_MODE/del_id_vs_vid_tanh_overlay.png  used on input line 438.
(pdftex.def)             Requested size: 234.76729pt x 143.46446pt.
 [9 <../SIM/7.3/sim_vd1_vd2_vs_vid.png> <../PLOTS/DIFF_MODE/vd1_vd2_vs_vid.png> <../SIM/7.3/sim_id1_id2_vs_vid.png> <../PLOTS/DIFF_MODE/id1_id2_vs_vid.png>]
<../PLOTS/DIFF_MODE/abs_del_id_vs_vid_semilog.png, id=245, 614.295pt x 397.485pt>
File: ../PLOTS/DIFF_MODE/abs_del_id_vs_vid_semilog.png Graphic file (type png)
<use ../PLOTS/DIFF_MODE/abs_del_id_vs_vid_semilog.png>
Package pdftex.def Info: ../PLOTS/DIFF_MODE/abs_del_id_vs_vid_semilog.png  used on input line 448.
(pdftex.def)             Requested size: 366.82715pt x 237.35866pt.
 [10 <../PLOTS/DIFF_MODE/del_id_vs_vid_linear.png> <../PLOTS/DIFF_MODE/del_id_vs_vid_tanh_overlay.png> <../PLOTS/DIFF_MODE/abs_del_id_vs_vid_semilog.png>] [11]
Overfull \hbox (50.54526pt too wide) in paragraph at lines 556--563
 [][] 
 []

[12] [13] [14] (./main.aux)
 ***********
LaTeX2e <2023-11-01> patch level 1
L3 programming layer <2024-01-22>
 ***********
Package rerunfilecheck Info: File `main.out' has not changed.
(rerunfilecheck)             Checksum: 85B8C9FFC54557FA63191BFB47E18BED;7488.
 ) 
Here is how much of TeX's memory you used:
 13094 strings out of 474222
 206446 string characters out of 5748734
 1943975 words of memory out of 5000000
 35083 multiletter control sequences out of 15000+600000
 568429 words of font info for 75 fonts, out of 8000000 for 9000
 1141 hyphenation exceptions out of 8191
 75i,14n,79p,977b,575s stack positions out of 10000i,1000n,20000p,200000b,200000s
</usr/share/texlive/texmf-dist/fonts/type1/public/amsfonts/cm/cmbx10.pfb></usr/share/texlive/texmf-dist/fonts/type1/public/amsfonts/cm/cmbx12.pfb></usr/share/texlive/texmf-dist/fonts/type1/public/amsfonts/cm/cmbx8.pfb></usr/share/texlive/texmf-dist/fonts/type1/public/amsfonts/cm/cmex10.pfb></usr/share/texlive/texmf-dist/fonts/type1/public/amsfonts/cm/cmmi10.pfb></usr/share/texlive/texmf-dist/fonts/type1/public/amsfonts/cm/cmmi6.pfb></usr/share/texlive/texmf-dist/fonts/type1/public/amsfonts/cm/cmmi7.pfb></usr/share/texlive/texmf-dist/fonts/type1/public/amsfonts/cm/cmmi8.pfb></usr/share/texlive/texmf-dist/fonts/type1/public/amsfonts/cm/cmr10.pfb></usr/share/texlive/texmf-dist/fonts/type1/public/amsfonts/cm/cmr7.pfb></usr/share/texlive/texmf-dist/fonts/type1/public/amsfonts/cm/cmr8.pfb></usr/share/texlive/texmf-dist/fonts/type1/public/amsfonts/cm/cmsy10.pfb></usr/share/texlive/texmf-dist/fonts/type1/public/amsfonts/cm/cmsy8.pfb></usr/share/texmf/fonts/type1/public/cm-super/sfrm1095.pfb>
Output written on main.pdf (14 pages, 837619 bytes).
PDF statistics:
 381 PDF objects out of 1000 (max. 8388607)
 290 compressed objects within 3 object streams
 106 named destinations out of 1000 (max. 500000)
 327 words of extra memory for PDF output out of 10000 (max. 10000000)

